Battery 0: Full, 100%
Battery 0: design capacity 1969 mAh, last full capacity 2118 mAh = 100%
Adapter 0: on-line
Thermal 0: ok, 45.0 degrees C
Thermal 0: trip point 0 switches to mode critical at temperature 127.0 degrees C
Thermal 0: trip point 1 switches to mode hot at temperature 127.0 degrees C
Cooling 0: Processor 0 of 10
Cooling 1: Processor 0 of 10
Cooling 2: x86_pkg_temp no state information available
Cooling 3: Processor 0 of 10
Cooling 4: intel_powerclamp no state information available
Cooling 5: Processor 0 of 10
