Battery 0: Charging, 71%, 00:29:20 until charged
Battery 0: design capacity 2110 mAh, last full capacity 2271 mAh = 100%
Adapter 0: on-line
Thermal 0: ok, 46.0 degrees C
Thermal 0: trip point 0 switches to mode critical at temperature 127.0 degrees C
Thermal 0: trip point 1 switches to mode hot at temperature 127.0 degrees C
Cooling 0: Processor 0 of 10
Cooling 1: Processor 0 of 10
Cooling 2: x86_pkg_temp no state information available
Cooling 3: Processor 0 of 10
Cooling 4: intel_powerclamp no state information available
Cooling 5: Processor 0 of 10
