traceroute to baeldung.com (2606:4700:3030::6812:3e4e), 30 hops max, 80 byte packets
 1  2001:2e8:665:0:2:2:0:1 (2001:2e8:665:0:2:2:0:1)  0.083 ms  0.048 ms  0.044 ms
 2  2001:2e8:22:204::2 (2001:2e8:22:204::2)  25.128 ms  25.047 ms  25.025 ms
 3  2001:2e8:20::22:11 (2001:2e8:20::22:11)  1.106 ms  25.830 ms  1.007 ms
 4  xe-0-0-14-1.a02.tokyjp05.jp.bb.gin.ntt.net (2001:218:2000:5000::305)  0.908 ms  1.197 ms  1.097 ms
 5  ae-25.r02.tokyjp05.jp.bb.gin.ntt.net (2001:218:0:2000::59)  1.515 ms 1.744 ms  1.785 ms
 6  ae-4.r30.tokyjp05.jp.bb.gin.ntt.net (2001:218:0:2000::11a)  1.466 ms 1.538 ms ae-4.r30.tokyjp05.jp.bb.gin.ntt.net (2001:218:0:2000::11a)  1.337 ms
 7  ae-3.r00.tokyjp08.jp.bb.gin.ntt.net (2001:218:0:2000::2d7)  1.857 ms 1.839 ms ae-3.r00.tokyjp08.jp.bb.gin.ntt.net (2001:218:0:2000::2d7)  1.901 ms
 8  as7515.ntt.net (2001:218:2000:5000::26)  2.717 ms  2.419 ms  2.325 ms
 9  2400:cb00:22:1024::a29e:759c (2400:cb00:22:1024::a29e:759c)  2.115 ms 1.985 ms 2400:cb00:22:1024::a29e:759f (2400:cb00:22:1024::a29e:759f)  2.272 ms
