Profile: TEST2
Title: My test app2
Description: a longer description of the test app here.

Ports:
  any/tcp
  50:51/udp
  53

