Profile: TEST3
Title: My test app3
Description: test overlapping ports

Ports:
  80,83,80,70:90/tcp
  50:51/udp
  53

