Linux mymachine 2.6.18-194.e15PAE #1 SMP Fri Apr 2 15:37:44 EDT 2010 i686 i686 i386 GNU/Linux
