arptables                      auto     /usr/sbin/arptables-nft
awk                            auto     /usr/bin/gawk
builtins.7.gz                  auto     /usr/share/man/man7/bash-builtins.7.gz
c++                            auto     /usr/bin/g++
c89                            auto     /usr/bin/c89-gcc
c99                            auto     /usr/bin/c99-gcc
cc                             auto     /usr/bin/gcc
cpp                            auto     /usr/bin/cpp
ebtables                       auto     /usr/sbin/ebtables-nft
editor                         auto     /bin/nano
ex                             auto     /usr/bin/vim.basic
fakeroot                       auto     /usr/bin/fakeroot-sysv
ftp                            auto     /usr/bin/netkit-ftp
infobrowser                    auto     /usr/bin/info
ip6tables                      auto     /usr/sbin/ip6tables-nft
iptables                       auto     /usr/sbin/iptables-nft
jsondiff                       auto     /usr/bin/json-patch-jsondiff
lzma                           auto     /usr/bin/xz
mt                             auto     /bin/mt-gnu
nc                             auto     /bin/nc.openbsd
newt-palette                   auto     /etc/newt/palette.ubuntu
pager                          auto     /usr/bin/less
pico                           auto     /bin/nano
pinentry                       auto     /usr/bin/pinentry-curses
rcp                            auto     /usr/bin/scp
rlogin                         auto     /usr/bin/slogin
rmt                            auto     /usr/sbin/rmt-tar
rsh                            auto     /usr/bin/ssh
rview                          auto     /usr/bin/vim.basic
rvim                           auto     /usr/bin/vim.basic
sar                            auto     /usr/bin/sar.sysstat
telnet                         auto     /usr/bin/telnet.netkit
text.plymouth                  auto     /usr/share/plymouth/themes/ubuntu-text/ubuntu-text.plymouth
traceroute6                    auto     /usr/bin/traceroute6.iputils
vi                             auto     /usr/bin/vim.basic
view                           auto     /usr/bin/vim.basic
vim                            auto     /usr/bin/vim.basic
vimdiff                        auto     /usr/bin/vim.basic
vtrgb                          auto     /etc/console-setup/vtrgb
w                              auto     /usr/bin/w.procps
write                          auto     /usr/bin/write.ul
